// Jest Snapshot v1, https://goo.gl/fbAQLP

exports[`LandingComponent should match snapshot 1`] = `
<div
  id="root1"
>
  <main
    class="page-body-wrapper full-page-wrapper h-100 p-0"
  >
    <div
      class="content-wrapper d-flex align-items-center"
    >
      <div
        class="container"
      >
        <div
          class="row gap-md-0 gap-4"
        >
          <div
            class="col-md-7 col-12"
          >
            <h1
              class="fs-md-6 display-1"
            >
               Keep an eye of your finances without effort! 
            </h1>
            <h2
              class="lead"
            >
              <small
                class="text-body-secondary"
              >
                 Keep track of your financial transactions, manage your income, and monitor your expenses 
              </small>
            </h2>
            <div
              class="d-grid gap-2 mx-auto mt-4"
            >
              <button
                class="btn btn-primary btn-lg fs-5"
                routerlink="/auth/login"
                tabindex="0"
              >
                Start fixing your finances
              </button>
            </div>
          </div>
          <div
            class="col d-flex align-items-center justify-content-center"
          >
            <figure
              class="figure"
            >
              <img
                alt="Brainstorming over paper"
                class="figure-img img-fluid rounded"
                loading="eager"
                sizes="(min-width: 1000px) 640px, 320px"
                srcset="/assets/images/landing/scott-graham-person-holding-pencil-unsplash-160px.jpg 160w, /assets/images/landing/scott-graham-person-holding-pencil-unsplash-320px.jpg 320w, /assets/images/landing/scott-graham-person-holding-pencil-unsplash-640px.jpg 640w"
              />
              <figcaption
                class="figure-caption text-end"
              >
                 Photo by 
                <a
                  href="https://unsplash.com/@homajob?utm_content=creditCopyText&utm_medium=referral&utm_source=unsplash"
                >
                  Scott Graham
                </a>
                 on 
                <a
                  href="https://unsplash.com/photos/person-holding-pencil-near-laptop-computer-5fNmWej4tAA?utm_content=creditCopyText&utm_medium=referral&utm_source=unsplash"
                >
                  Unsplash
                </a>
              </figcaption>
            </figure>
          </div>
        </div>
      </div>
    </div>
  </main>
</div>
`;
